mode: set
github.com/33GOD/flume/task-session-manager/pkg/cliconfig/config.go:66.33,70.55 2 1
github.com/33GOD/flume/task-session-manager/pkg/cliconfig/config.go:70.55,73.3 2 1
github.com/33GOD/flume/task-session-manager/pkg/cliconfig/config.go:76.2,77.16 2 1
github.com/33GOD/flume/task-session-manager/pkg/cliconfig/config.go:77.16,79.3 1 0
github.com/33GOD/flume/task-session-manager/pkg/cliconfig/config.go:82.2,83.54 2 1
github.com/33GOD/flume/task-session-manager/pkg/cliconfig/config.go:83.54,85.3 1 0
github.com/33GOD/flume/task-session-manager/pkg/cliconfig/config.go:88.2,93.21 3 1
github.com/33GOD/flume/task-session-manager/pkg/cliconfig/config.go:97.29,99.56 1 1
github.com/33GOD/flume/task-session-manager/pkg/cliconfig/config.go:99.56,101.3 1 1
github.com/33GOD/flume/task-session-manager/pkg/cliconfig/config.go:104.2,104.64 1 0
github.com/33GOD/flume/task-session-manager/pkg/cliconfig/config.go:104.64,106.3 1 0
github.com/33GOD/flume/task-session-manager/pkg/cliconfig/config.go:109.2,110.16 2 0
github.com/33GOD/flume/task-session-manager/pkg/cliconfig/config.go:110.16,112.3 1 0
github.com/33GOD/flume/task-session-manager/pkg/cliconfig/config.go:113.2,113.63 1 0
github.com/33GOD/flume/task-session-manager/pkg/cliconfig/config.go:117.39,118.31 1 1
github.com/33GOD/flume/task-session-manager/pkg/cliconfig/config.go:118.31,120.3 1 0
github.com/33GOD/flume/task-session-manager/pkg/cliconfig/config.go:121.2,121.36 1 1
github.com/33GOD/flume/task-session-manager/pkg/cliconfig/config.go:121.36,123.3 1 1
github.com/33GOD/flume/task-session-manager/pkg/cliconfig/config.go:124.2,124.36 1 1
github.com/33GOD/flume/task-session-manager/pkg/cliconfig/config.go:124.36,126.3 1 1
github.com/33GOD/flume/task-session-manager/pkg/cliconfig/config.go:127.2,127.36 1 1
github.com/33GOD/flume/task-session-manager/pkg/cliconfig/config.go:127.36,129.3 1 1
github.com/33GOD/flume/task-session-manager/pkg/cliconfig/config.go:130.2,130.42 1 1
github.com/33GOD/flume/task-session-manager/pkg/cliconfig/config.go:130.42,132.3 1 1
github.com/33GOD/flume/task-session-manager/pkg/cliconfig/config.go:133.2,133.39 1 1
github.com/33GOD/flume/task-session-manager/pkg/cliconfig/config.go:133.39,135.3 1 1
github.com/33GOD/flume/task-session-manager/pkg/cliconfig/config.go:136.2,136.42 1 1
github.com/33GOD/flume/task-session-manager/pkg/cliconfig/config.go:136.42,138.3 1 1
github.com/33GOD/flume/task-session-manager/pkg/cliconfig/config.go:139.2,139.43 1 1
github.com/33GOD/flume/task-session-manager/pkg/cliconfig/config.go:139.43,141.3 1 1
github.com/33GOD/flume/task-session-manager/pkg/cliconfig/config.go:142.2,142.34 1 1
github.com/33GOD/flume/task-session-manager/pkg/cliconfig/config.go:142.34,144.3 1 0
github.com/33GOD/flume/task-session-manager/pkg/cliconfig/config.go:145.2,145.40 1 1
github.com/33GOD/flume/task-session-manager/pkg/cliconfig/config.go:145.40,147.3 1 1
github.com/33GOD/flume/task-session-manager/pkg/cliconfig/config.go:148.2,148.40 1 1
github.com/33GOD/flume/task-session-manager/pkg/cliconfig/config.go:148.40,150.3 1 1
github.com/33GOD/flume/task-session-manager/pkg/cliconfig/config.go:151.2,151.41 1 1
github.com/33GOD/flume/task-session-manager/pkg/cliconfig/config.go:151.41,153.3 1 1
github.com/33GOD/flume/task-session-manager/pkg/cliconfig/config.go:157.43,158.49 1 1
github.com/33GOD/flume/task-session-manager/pkg/cliconfig/config.go:158.49,160.3 1 1
github.com/33GOD/flume/task-session-manager/pkg/cliconfig/config.go:161.2,161.64 1 1
github.com/33GOD/flume/task-session-manager/pkg/cliconfig/config.go:161.64,163.3 1 1
github.com/33GOD/flume/task-session-manager/pkg/cliconfig/config.go:164.2,164.56 1 1
github.com/33GOD/flume/task-session-manager/pkg/cliconfig/config.go:164.56,166.3 1 1
github.com/33GOD/flume/task-session-manager/pkg/cliconfig/config.go:167.2,167.53 1 1
github.com/33GOD/flume/task-session-manager/pkg/cliconfig/config.go:167.53,169.3 1 0
github.com/33GOD/flume/task-session-manager/pkg/cliconfig/config.go:170.2,170.60 1 1
github.com/33GOD/flume/task-session-manager/pkg/cliconfig/config.go:170.60,172.3 1 1
github.com/33GOD/flume/task-session-manager/pkg/cliconfig/config.go:176.38,177.26 1 1
github.com/33GOD/flume/task-session-manager/pkg/cliconfig/config.go:177.26,179.3 1 1
github.com/33GOD/flume/task-session-manager/pkg/cliconfig/config.go:180.2,180.31 1 1
github.com/33GOD/flume/task-session-manager/pkg/cliconfig/config.go:180.31,182.3 1 1
github.com/33GOD/flume/task-session-manager/pkg/cliconfig/config.go:183.2,183.31 1 1
github.com/33GOD/flume/task-session-manager/pkg/cliconfig/config.go:183.31,185.3 1 1
github.com/33GOD/flume/task-session-manager/pkg/cliconfig/config.go:186.2,186.66 1 1
github.com/33GOD/flume/task-session-manager/pkg/cliconfig/config.go:186.66,188.3 1 1
github.com/33GOD/flume/task-session-manager/pkg/cliconfig/config.go:189.2,189.12 1 1
