mode: atomic
github.com/33GOD/flume/task-session-manager/cmd/main.go:25.13,36.16 4 0
github.com/33GOD/flume/task-session-manager/cmd/main.go:36.16,38.3 1 0
github.com/33GOD/flume/task-session-manager/cmd/main.go:40.2,53.16 5 0
github.com/33GOD/flume/task-session-manager/cmd/main.go:53.16,55.3 1 0
github.com/33GOD/flume/task-session-manager/cmd/main.go:58.2,59.16 2 0
github.com/33GOD/flume/task-session-manager/cmd/main.go:59.16,61.3 1 0
github.com/33GOD/flume/task-session-manager/cmd/main.go:62.2,66.16 3 0
github.com/33GOD/flume/task-session-manager/cmd/main.go:66.16,68.3 1 0
github.com/33GOD/flume/task-session-manager/cmd/main.go:69.2,76.12 4 0
github.com/33GOD/flume/task-session-manager/cmd/main.go:76.12,77.41 1 0
github.com/33GOD/flume/task-session-manager/cmd/main.go:77.41,79.4 1 0
github.com/33GOD/flume/task-session-manager/cmd/main.go:82.2,88.9 4 0
github.com/33GOD/flume/task-session-manager/cmd/main.go:89.24,90.73 1 0
github.com/33GOD/flume/task-session-manager/cmd/main.go:91.24,92.45 1 0
github.com/33GOD/flume/task-session-manager/cmd/main.go:96.2,106.56 5 0
github.com/33GOD/flume/task-session-manager/cmd/main.go:106.56,108.3 1 0
github.com/33GOD/flume/task-session-manager/cmd/main.go:110.2,110.35 1 0
github.com/33GOD/flume/task-session-manager/cmd/main.go:114.20,118.46 2 0
github.com/33GOD/flume/task-session-manager/cmd/main.go:118.46,120.3 1 0
github.com/33GOD/flume/task-session-manager/cmd/main.go:123.2,124.15 2 0
github.com/33GOD/flume/task-session-manager/cmd/main.go:125.15,126.45 1 0
github.com/33GOD/flume/task-session-manager/cmd/main.go:127.14,128.44 1 0
github.com/33GOD/flume/task-session-manager/cmd/main.go:129.14,130.44 1 0
github.com/33GOD/flume/task-session-manager/cmd/main.go:131.15,132.45 1 0
github.com/33GOD/flume/task-session-manager/cmd/main.go:133.10,134.44 1 0
github.com/33GOD/flume/task-session-manager/cmd/main.go:137.2,140.11 1 0
github.com/33GOD/flume/task-session-manager/cmd/main.go:144.52,147.73 2 0
github.com/33GOD/flume/task-session-manager/cmd/main.go:147.73,150.3 2 0
github.com/33GOD/flume/task-session-manager/cmd/main.go:152.2,152.72 1 0
github.com/33GOD/flume/task-session-manager/cmd/main.go:152.72,155.3 2 0
github.com/33GOD/flume/task-session-manager/cmd/main.go:157.2,165.12 2 0
github.com/33GOD/flume/task-session-manager/cmd/main.go:165.12,167.63 2 0
github.com/33GOD/flume/task-session-manager/cmd/main.go:167.63,169.4 1 0
github.com/33GOD/flume/task-session-manager/cmd/main.go:172.2,172.12 1 0
github.com/33GOD/flume/task-session-manager/cmd/main.go:176.33,180.2 1 0
github.com/33GOD/flume/task-session-manager/internal/publisher/publisher.go:24.73,30.36 2 0
github.com/33GOD/flume/task-session-manager/internal/publisher/publisher.go:30.36,32.3 1 0
github.com/33GOD/flume/task-session-manager/internal/publisher/publisher.go:34.2,34.15 1 0
github.com/33GOD/flume/task-session-manager/internal/publisher/publisher.go:38.37,40.16 2 0
github.com/33GOD/flume/task-session-manager/internal/publisher/publisher.go:40.16,42.3 1 0
github.com/33GOD/flume/task-session-manager/internal/publisher/publisher.go:44.2,45.16 2 0
github.com/33GOD/flume/task-session-manager/internal/publisher/publisher.go:45.16,48.3 2 0
github.com/33GOD/flume/task-session-manager/internal/publisher/publisher.go:51.2,60.16 2 0
github.com/33GOD/flume/task-session-manager/internal/publisher/publisher.go:60.16,64.3 3 0
github.com/33GOD/flume/task-session-manager/internal/publisher/publisher.go:66.2,70.12 4 0
github.com/33GOD/flume/task-session-manager/internal/publisher/publisher.go:74.99,76.2 1 0
github.com/33GOD/flume/task-session-manager/internal/publisher/publisher.go:79.97,81.2 1 0
github.com/33GOD/flume/task-session-manager/internal/publisher/publisher.go:84.88,86.16 2 0
github.com/33GOD/flume/task-session-manager/internal/publisher/publisher.go:86.16,88.3 1 0
github.com/33GOD/flume/task-session-manager/internal/publisher/publisher.go:90.2,98.78 2 0
github.com/33GOD/flume/task-session-manager/internal/publisher/publisher.go:98.78,100.3 1 0
github.com/33GOD/flume/task-session-manager/internal/publisher/publisher.go:102.2,111.16 2 0
github.com/33GOD/flume/task-session-manager/internal/publisher/publisher.go:111.16,113.3 1 0
github.com/33GOD/flume/task-session-manager/internal/publisher/publisher.go:115.2,120.12 2 0
github.com/33GOD/flume/task-session-manager/internal/publisher/publisher.go:124.35,125.22 1 0
github.com/33GOD/flume/task-session-manager/internal/publisher/publisher.go:125.22,126.43 1 0
github.com/33GOD/flume/task-session-manager/internal/publisher/publisher.go:126.43,128.4 1 0
github.com/33GOD/flume/task-session-manager/internal/publisher/publisher.go:130.2,130.19 1 0
github.com/33GOD/flume/task-session-manager/internal/publisher/publisher.go:130.19,131.40 1 0
github.com/33GOD/flume/task-session-manager/internal/publisher/publisher.go:131.40,133.4 1 0
github.com/33GOD/flume/task-session-manager/internal/publisher/publisher.go:135.2,136.12 2 0
github.com/33GOD/flume/task-session-manager/internal/publisher/publisher.go:140.40,142.2 1 0
github.com/33GOD/flume/task-session-manager/internal/publisher/publisher.go:145.39,149.2 3 0
github.com/33GOD/flume/task-session-manager/cmd/flume-complete/main.go:41.13,43.2 1 0
github.com/33GOD/flume/task-session-manager/cmd/flume-complete/main.go:45.16,63.15 13 0
github.com/33GOD/flume/task-session-manager/cmd/flume-complete/main.go:63.15,66.3 2 0
github.com/33GOD/flume/task-session-manager/cmd/flume-complete/main.go:69.2,69.16 1 0
github.com/33GOD/flume/task-session-manager/cmd/flume-complete/main.go:69.16,72.3 2 0
github.com/33GOD/flume/task-session-manager/cmd/flume-complete/main.go:75.2,75.20 1 0
github.com/33GOD/flume/task-session-manager/cmd/flume-complete/main.go:75.20,79.3 3 0
github.com/33GOD/flume/task-session-manager/cmd/flume-complete/main.go:82.2,87.30 2 0
github.com/33GOD/flume/task-session-manager/cmd/flume-complete/main.go:87.30,90.3 2 0
github.com/33GOD/flume/task-session-manager/cmd/flume-complete/main.go:93.2,94.70 2 0
github.com/33GOD/flume/task-session-manager/cmd/flume-complete/main.go:94.70,97.3 2 0
github.com/33GOD/flume/task-session-manager/cmd/flume-complete/main.go:100.2,101.16 2 0
github.com/33GOD/flume/task-session-manager/cmd/flume-complete/main.go:101.16,104.3 2 0
github.com/33GOD/flume/task-session-manager/cmd/flume-complete/main.go:106.2,106.42 1 0
github.com/33GOD/flume/task-session-manager/cmd/flume-complete/main.go:106.42,109.3 2 0
github.com/33GOD/flume/task-session-manager/cmd/flume-complete/main.go:111.2,111.15 1 0
github.com/33GOD/flume/task-session-manager/cmd/flume-complete/main.go:111.15,114.3 2 0
github.com/33GOD/flume/task-session-manager/cmd/flume-complete/main.go:117.2,121.54 3 0
github.com/33GOD/flume/task-session-manager/cmd/flume-complete/main.go:121.54,124.3 2 0
github.com/33GOD/flume/task-session-manager/cmd/flume-complete/main.go:127.2,127.43 1 0
github.com/33GOD/flume/task-session-manager/cmd/flume-complete/main.go:127.43,128.16 1 0
github.com/33GOD/flume/task-session-manager/cmd/flume-complete/main.go:128.16,130.4 1 0
github.com/33GOD/flume/task-session-manager/cmd/flume-complete/main.go:135.2,136.21 2 0
github.com/33GOD/flume/task-session-manager/cmd/flume-complete/main.go:136.21,138.3 1 0
github.com/33GOD/flume/task-session-manager/cmd/flume-complete/main.go:140.2,140.20 1 0
github.com/33GOD/flume/task-session-manager/cmd/flume-complete/main.go:143.85,146.16 2 0
github.com/33GOD/flume/task-session-manager/cmd/flume-complete/main.go:146.16,148.3 1 0
github.com/33GOD/flume/task-session-manager/cmd/flume-complete/main.go:149.2,153.16 3 0
github.com/33GOD/flume/task-session-manager/cmd/flume-complete/main.go:153.16,155.3 1 0
github.com/33GOD/flume/task-session-manager/cmd/flume-complete/main.go:156.2,168.16 3 0
github.com/33GOD/flume/task-session-manager/cmd/flume-complete/main.go:168.16,170.3 1 0
github.com/33GOD/flume/task-session-manager/cmd/flume-complete/main.go:173.2,184.18 7 0
github.com/33GOD/flume/task-session-manager/cmd/flume-complete/main.go:185.19,193.4 2 0
github.com/33GOD/flume/task-session-manager/cmd/flume-complete/main.go:194.16,203.4 2 0
github.com/33GOD/flume/task-session-manager/cmd/flume-complete/main.go:204.16,212.4 2 0
github.com/33GOD/flume/task-session-manager/cmd/flume-complete/main.go:216.2,217.16 2 0
github.com/33GOD/flume/task-session-manager/cmd/flume-complete/main.go:217.16,219.3 1 0
github.com/33GOD/flume/task-session-manager/cmd/flume-complete/main.go:222.2,238.16 3 0
github.com/33GOD/flume/task-session-manager/cmd/flume-complete/main.go:238.16,240.3 1 0
github.com/33GOD/flume/task-session-manager/cmd/flume-complete/main.go:242.2,242.15 1 0
github.com/33GOD/flume/task-session-manager/cmd/flume-complete/main.go:242.15,245.3 2 0
github.com/33GOD/flume/task-session-manager/cmd/flume-complete/main.go:247.2,247.12 1 0
github.com/33GOD/flume/task-session-manager/cmd/flume-complete/main.go:250.37,253.53 2 0
github.com/33GOD/flume/task-session-manager/cmd/flume-complete/main.go:253.53,255.3 1 0
github.com/33GOD/flume/task-session-manager/cmd/flume-complete/main.go:258.2,259.16 2 0
github.com/33GOD/flume/task-session-manager/cmd/flume-complete/main.go:259.16,261.3 1 0
github.com/33GOD/flume/task-session-manager/cmd/flume-complete/main.go:263.2,267.29 3 0
github.com/33GOD/flume/task-session-manager/cmd/flume-complete/main.go:267.29,269.57 1 0
github.com/33GOD/flume/task-session-manager/cmd/flume-complete/main.go:269.57,272.4 2 0
github.com/33GOD/flume/task-session-manager/cmd/flume-complete/main.go:276.2,276.14 1 0
github.com/33GOD/flume/task-session-manager/cmd/flume-complete/main.go:276.14,280.30 3 0
github.com/33GOD/flume/task-session-manager/cmd/flume-complete/main.go:280.30,281.21 1 0
github.com/33GOD/flume/task-session-manager/cmd/flume-complete/main.go:281.21,282.23 1 0
github.com/33GOD/flume/task-session-manager/cmd/flume-complete/main.go:282.23,284.6 1 0
github.com/33GOD/flume/task-session-manager/cmd/flume-complete/main.go:284.11,286.11 2 0
github.com/33GOD/flume/task-session-manager/cmd/flume-complete/main.go:291.3,291.25 1 0
github.com/33GOD/flume/task-session-manager/cmd/flume-complete/main.go:291.25,295.4 2 0
github.com/33GOD/flume/task-session-manager/cmd/flume-complete/main.go:299.2,300.61 2 0
github.com/33GOD/flume/task-session-manager/cmd/flume-complete/main.go:303.18,349.2 1 0
github.com/33GOD/flume/task-session-manager/cmd/flume-session/main.go:40.13,42.2 1 0
github.com/33GOD/flume/task-session-manager/cmd/flume-session/main.go:44.16,46.22 1 0
github.com/33GOD/flume/task-session-manager/cmd/flume-session/main.go:46.22,49.3 2 0
github.com/33GOD/flume/task-session-manager/cmd/flume-session/main.go:52.2,53.16 2 0
github.com/33GOD/flume/task-session-manager/cmd/flume-session/main.go:53.16,56.3 2 0
github.com/33GOD/flume/task-session-manager/cmd/flume-session/main.go:58.2,58.42 1 0
github.com/33GOD/flume/task-session-manager/cmd/flume-session/main.go:58.42,61.3 2 0
github.com/33GOD/flume/task-session-manager/cmd/flume-session/main.go:63.2,65.20 2 0
github.com/33GOD/flume/task-session-manager/cmd/flume-session/main.go:66.20,67.25 1 0
github.com/33GOD/flume/task-session-manager/cmd/flume-session/main.go:68.21,69.23 1 0
github.com/33GOD/flume/task-session-manager/cmd/flume-session/main.go:69.23,72.4 2 0
github.com/33GOD/flume/task-session-manager/cmd/flume-session/main.go:73.3,73.39 1 0
github.com/33GOD/flume/task-session-manager/cmd/flume-session/main.go:74.19,75.23 1 0
github.com/33GOD/flume/task-session-manager/cmd/flume-session/main.go:75.23,78.4 2 0
github.com/33GOD/flume/task-session-manager/cmd/flume-session/main.go:79.3,79.37 1 0
github.com/33GOD/flume/task-session-manager/cmd/flume-session/main.go:80.17,81.28 1 0
github.com/33GOD/flume/task-session-manager/cmd/flume-session/main.go:82.30,84.21 2 0
github.com/33GOD/flume/task-session-manager/cmd/flume-session/main.go:85.30,87.21 2 0
github.com/33GOD/flume/task-session-manager/cmd/flume-session/main.go:88.10,91.24 3 0
github.com/33GOD/flume/task-session-manager/cmd/flume-session/main.go:95.47,98.16 3 0
github.com/33GOD/flume/task-session-manager/cmd/flume-session/main.go:98.16,101.3 2 0
github.com/33GOD/flume/task-session-manager/cmd/flume-session/main.go:103.2,103.24 1 0
github.com/33GOD/flume/task-session-manager/cmd/flume-session/main.go:103.24,106.3 2 0
github.com/33GOD/flume/task-session-manager/cmd/flume-session/main.go:109.2,114.35 3 0
github.com/33GOD/flume/task-session-manager/cmd/flume-session/main.go:114.35,116.22 2 0
github.com/33GOD/flume/task-session-manager/cmd/flume-session/main.go:116.22,118.4 1 0
github.com/33GOD/flume/task-session-manager/cmd/flume-session/main.go:120.3,121.31 2 0
github.com/33GOD/flume/task-session-manager/cmd/flume-session/main.go:121.31,123.4 1 0
github.com/33GOD/flume/task-session-manager/cmd/flume-session/main.go:125.3,132.4 1 0
github.com/33GOD/flume/task-session-manager/cmd/flume-session/main.go:135.2,136.20 2 0
github.com/33GOD/flume/task-session-manager/cmd/flume-session/main.go:139.64,146.16 4 0
github.com/33GOD/flume/task-session-manager/cmd/flume-session/main.go:146.16,149.3 2 0
github.com/33GOD/flume/task-session-manager/cmd/flume-session/main.go:151.2,152.35 2 0
github.com/33GOD/flume/task-session-manager/cmd/flume-session/main.go:152.35,153.62 1 0
github.com/33GOD/flume/task-session-manager/cmd/flume-session/main.go:153.62,156.9 3 0
github.com/33GOD/flume/task-session-manager/cmd/flume-session/main.go:160.2,160.12 1 0
github.com/33GOD/flume/task-session-manager/cmd/flume-session/main.go:160.12,164.3 3 0
github.com/33GOD/flume/task-session-manager/cmd/flume-session/main.go:167.2,168.32 2 0
github.com/33GOD/flume/task-session-manager/cmd/flume-session/main.go:169.16,170.54 1 0
github.com/33GOD/flume/task-session-manager/cmd/flume-session/main.go:171.14,172.66 1 0
github.com/33GOD/flume/task-session-manager/cmd/flume-session/main.go:173.10,175.25 2 0
github.com/33GOD/flume/task-session-manager/cmd/flume-session/main.go:178.2,185.34 6 0
github.com/33GOD/flume/task-session-manager/cmd/flume-session/main.go:185.34,188.3 2 0
github.com/33GOD/flume/task-session-manager/cmd/flume-session/main.go:190.2,190.20 1 0
github.com/33GOD/flume/task-session-manager/cmd/flume-session/main.go:193.62,200.16 4 0
github.com/33GOD/flume/task-session-manager/cmd/flume-session/main.go:200.16,203.3 2 0
github.com/33GOD/flume/task-session-manager/cmd/flume-session/main.go:205.2,206.35 2 0
github.com/33GOD/flume/task-session-manager/cmd/flume-session/main.go:206.35,207.62 1 0
github.com/33GOD/flume/task-session-manager/cmd/flume-session/main.go:207.62,210.9 3 0
github.com/33GOD/flume/task-session-manager/cmd/flume-session/main.go:214.2,214.12 1 0
github.com/33GOD/flume/task-session-manager/cmd/flume-session/main.go:214.12,217.3 2 0
github.com/33GOD/flume/task-session-manager/cmd/flume-session/main.go:220.2,221.32 2 0
github.com/33GOD/flume/task-session-manager/cmd/flume-session/main.go:222.16,223.62 1 0
github.com/33GOD/flume/task-session-manager/cmd/flume-session/main.go:224.14,225.64 1 0
github.com/33GOD/flume/task-session-manager/cmd/flume-session/main.go:226.10,228.25 2 0
github.com/33GOD/flume/task-session-manager/cmd/flume-session/main.go:231.2,231.34 1 0
github.com/33GOD/flume/task-session-manager/cmd/flume-session/main.go:231.34,234.3 2 0
github.com/33GOD/flume/task-session-manager/cmd/flume-session/main.go:236.2,237.20 2 0
github.com/33GOD/flume/task-session-manager/cmd/flume-session/main.go:240.50,249.16 7 0
github.com/33GOD/flume/task-session-manager/cmd/flume-session/main.go:249.16,252.3 2 0
github.com/33GOD/flume/task-session-manager/cmd/flume-session/main.go:255.2,257.35 3 0
github.com/33GOD/flume/task-session-manager/cmd/flume-session/main.go:257.35,258.32 1 0
github.com/33GOD/flume/task-session-manager/cmd/flume-session/main.go:258.32,260.29 2 0
github.com/33GOD/flume/task-session-manager/cmd/flume-session/main.go:260.29,263.5 2 0
github.com/33GOD/flume/task-session-manager/cmd/flume-session/main.go:267.2,267.29 1 0
github.com/33GOD/flume/task-session-manager/cmd/flume-session/main.go:267.29,270.3 2 0
github.com/33GOD/flume/task-session-manager/cmd/flume-session/main.go:273.2,274.40 2 0
github.com/33GOD/flume/task-session-manager/cmd/flume-session/main.go:274.40,277.3 2 0
github.com/33GOD/flume/task-session-manager/cmd/flume-session/main.go:280.2,280.13 1 0
github.com/33GOD/flume/task-session-manager/cmd/flume-session/main.go:280.13,284.77 4 0
github.com/33GOD/flume/task-session-manager/cmd/flume-session/main.go:284.77,287.4 2 0
github.com/33GOD/flume/task-session-manager/cmd/flume-session/main.go:291.2,293.40 3 0
github.com/33GOD/flume/task-session-manager/cmd/flume-session/main.go:293.40,295.33 2 0
github.com/33GOD/flume/task-session-manager/cmd/flume-session/main.go:296.17,297.64 1 0
github.com/33GOD/flume/task-session-manager/cmd/flume-session/main.go:298.15,299.66 1 0
github.com/33GOD/flume/task-session-manager/cmd/flume-session/main.go:302.3,302.35 1 0
github.com/33GOD/flume/task-session-manager/cmd/flume-session/main.go:302.35,305.4 2 0
github.com/33GOD/flume/task-session-manager/cmd/flume-session/main.go:305.9,308.4 2 0
github.com/33GOD/flume/task-session-manager/cmd/flume-session/main.go:311.2,312.20 2 0
github.com/33GOD/flume/task-session-manager/cmd/flume-session/main.go:315.79,317.17 2 0
github.com/33GOD/flume/task-session-manager/cmd/flume-session/main.go:318.16,319.66 1 0
github.com/33GOD/flume/task-session-manager/cmd/flume-session/main.go:320.14,321.121 1 0
github.com/33GOD/flume/task-session-manager/cmd/flume-session/main.go:322.10,323.69 1 0
github.com/33GOD/flume/task-session-manager/cmd/flume-session/main.go:326.2,327.16 2 0
github.com/33GOD/flume/task-session-manager/cmd/flume-session/main.go:327.16,329.74 1 0
github.com/33GOD/flume/task-session-manager/cmd/flume-session/main.go:329.74,331.4 1 0
github.com/33GOD/flume/task-session-manager/cmd/flume-session/main.go:332.3,332.18 1 0
github.com/33GOD/flume/task-session-manager/cmd/flume-session/main.go:335.2,338.29 3 0
github.com/33GOD/flume/task-session-manager/cmd/flume-session/main.go:338.29,339.17 1 0
github.com/33GOD/flume/task-session-manager/cmd/flume-session/main.go:339.17,340.12 1 0
github.com/33GOD/flume/task-session-manager/cmd/flume-session/main.go:343.3,347.24 2 0
github.com/33GOD/flume/task-session-manager/cmd/flume-session/main.go:347.24,349.23 2 0
github.com/33GOD/flume/task-session-manager/cmd/flume-session/main.go:349.23,351.5 1 0
github.com/33GOD/flume/task-session-manager/cmd/flume-session/main.go:352.4,352.23 1 0
github.com/33GOD/flume/task-session-manager/cmd/flume-session/main.go:352.23,353.73 1 0
github.com/33GOD/flume/task-session-manager/cmd/flume-session/main.go:353.73,355.6 1 0
github.com/33GOD/flume/task-session-manager/cmd/flume-session/main.go:357.4,357.23 1 0
github.com/33GOD/flume/task-session-manager/cmd/flume-session/main.go:357.23,358.59 1 0
github.com/33GOD/flume/task-session-manager/cmd/flume-session/main.go:358.59,360.6 1 0
github.com/33GOD/flume/task-session-manager/cmd/flume-session/main.go:362.9,366.4 2 0
github.com/33GOD/flume/task-session-manager/cmd/flume-session/main.go:369.3,369.47 1 0
github.com/33GOD/flume/task-session-manager/cmd/flume-session/main.go:369.47,371.4 1 0
github.com/33GOD/flume/task-session-manager/cmd/flume-session/main.go:371.9,373.4 1 0
github.com/33GOD/flume/task-session-manager/cmd/flume-session/main.go:376.3,376.69 1 0
github.com/33GOD/flume/task-session-manager/cmd/flume-session/main.go:376.69,378.4 1 0
github.com/33GOD/flume/task-session-manager/cmd/flume-session/main.go:380.3,380.39 1 0
github.com/33GOD/flume/task-session-manager/cmd/flume-session/main.go:383.2,383.22 1 0
github.com/33GOD/flume/task-session-manager/cmd/flume-session/main.go:386.65,388.17 2 0
github.com/33GOD/flume/task-session-manager/cmd/flume-session/main.go:389.14,390.83 1 0
github.com/33GOD/flume/task-session-manager/cmd/flume-session/main.go:391.16,393.22 1 0
github.com/33GOD/flume/task-session-manager/cmd/flume-session/main.go:394.10,395.48 1 0
github.com/33GOD/flume/task-session-manager/cmd/flume-session/main.go:398.2,399.16 2 0
github.com/33GOD/flume/task-session-manager/cmd/flume-session/main.go:399.16,401.3 1 0
github.com/33GOD/flume/task-session-manager/cmd/flume-session/main.go:403.2,405.29 3 0
github.com/33GOD/flume/task-session-manager/cmd/flume-session/main.go:405.29,406.68 1 0
github.com/33GOD/flume/task-session-manager/cmd/flume-session/main.go:406.68,408.4 1 0
github.com/33GOD/flume/task-session-manager/cmd/flume-session/main.go:411.2,411.18 1 0
github.com/33GOD/flume/task-session-manager/cmd/flume-session/main.go:414.37,416.16 2 0
github.com/33GOD/flume/task-session-manager/cmd/flume-session/main.go:416.16,418.3 1 0
github.com/33GOD/flume/task-session-manager/cmd/flume-session/main.go:421.2,422.19 2 0
github.com/33GOD/flume/task-session-manager/cmd/flume-session/main.go:425.45,426.19 1 0
github.com/33GOD/flume/task-session-manager/cmd/flume-session/main.go:426.19,428.3 1 0
github.com/33GOD/flume/task-session-manager/cmd/flume-session/main.go:428.8,428.29 1 0
github.com/33GOD/flume/task-session-manager/cmd/flume-session/main.go:428.29,430.3 1 0
github.com/33GOD/flume/task-session-manager/cmd/flume-session/main.go:430.8,433.3 2 0
github.com/33GOD/flume/task-session-manager/cmd/flume-session/main.go:436.18,485.2 1 0
github.com/33GOD/flume/task-session-manager/internal/config/config.go:45.30,77.39 6 0
github.com/33GOD/flume/task-session-manager/internal/config/config.go:77.39,79.3 1 0
github.com/33GOD/flume/task-session-manager/internal/config/config.go:81.2,81.17 1 0
github.com/33GOD/flume/task-session-manager/internal/config/config.go:85.35,86.26 1 0
github.com/33GOD/flume/task-session-manager/internal/config/config.go:86.26,88.3 1 0
github.com/33GOD/flume/task-session-manager/internal/config/config.go:89.2,89.31 1 0
github.com/33GOD/flume/task-session-manager/internal/config/config.go:89.31,91.3 1 0
github.com/33GOD/flume/task-session-manager/internal/config/config.go:92.2,92.28 1 0
github.com/33GOD/flume/task-session-manager/internal/config/config.go:92.28,94.3 1 0
github.com/33GOD/flume/task-session-manager/internal/config/config.go:95.2,95.33 1 0
github.com/33GOD/flume/task-session-manager/internal/config/config.go:95.33,97.3 1 0
github.com/33GOD/flume/task-session-manager/internal/config/config.go:98.2,98.84 1 0
github.com/33GOD/flume/task-session-manager/internal/config/config.go:98.84,100.3 1 0
github.com/33GOD/flume/task-session-manager/internal/config/config.go:101.2,101.12 1 0
github.com/33GOD/flume/task-session-manager/internal/config/config.go:105.46,106.42 1 0
github.com/33GOD/flume/task-session-manager/internal/config/config.go:106.42,108.3 1 0
github.com/33GOD/flume/task-session-manager/internal/config/config.go:109.2,109.21 1 0
github.com/33GOD/flume/task-session-manager/internal/config/config.go:112.50,113.42 1 0
github.com/33GOD/flume/task-session-manager/internal/config/config.go:113.42,114.53 1 0
github.com/33GOD/flume/task-session-manager/internal/config/config.go:114.53,116.4 1 0
github.com/33GOD/flume/task-session-manager/internal/config/config.go:118.2,118.21 1 0
github.com/33GOD/flume/task-session-manager/internal/config/config.go:121.75,122.42 1 0
github.com/33GOD/flume/task-session-manager/internal/config/config.go:122.42,123.61 1 0
github.com/33GOD/flume/task-session-manager/internal/config/config.go:123.61,125.4 1 0
github.com/33GOD/flume/task-session-manager/internal/config/config.go:127.2,127.21 1 0
github.com/33GOD/flume/task-session-manager/pkg/cliconfig/config.go:66.33,70.55 2 3
github.com/33GOD/flume/task-session-manager/pkg/cliconfig/config.go:70.55,73.3 2 1
github.com/33GOD/flume/task-session-manager/pkg/cliconfig/config.go:76.2,77.16 2 2
github.com/33GOD/flume/task-session-manager/pkg/cliconfig/config.go:77.16,79.3 1 0
github.com/33GOD/flume/task-session-manager/pkg/cliconfig/config.go:82.2,83.54 2 2
github.com/33GOD/flume/task-session-manager/pkg/cliconfig/config.go:83.54,85.3 1 0
github.com/33GOD/flume/task-session-manager/pkg/cliconfig/config.go:88.2,93.21 3 2
github.com/33GOD/flume/task-session-manager/pkg/cliconfig/config.go:97.29,99.56 1 3
github.com/33GOD/flume/task-session-manager/pkg/cliconfig/config.go:99.56,101.3 1 3
github.com/33GOD/flume/task-session-manager/pkg/cliconfig/config.go:104.2,104.64 1 0
github.com/33GOD/flume/task-session-manager/pkg/cliconfig/config.go:104.64,106.3 1 0
github.com/33GOD/flume/task-session-manager/pkg/cliconfig/config.go:109.2,110.16 2 0
github.com/33GOD/flume/task-session-manager/pkg/cliconfig/config.go:110.16,112.3 1 0
github.com/33GOD/flume/task-session-manager/pkg/cliconfig/config.go:113.2,113.63 1 0
github.com/33GOD/flume/task-session-manager/pkg/cliconfig/config.go:117.39,118.31 1 3
github.com/33GOD/flume/task-session-manager/pkg/cliconfig/config.go:118.31,120.3 1 0
github.com/33GOD/flume/task-session-manager/pkg/cliconfig/config.go:121.2,121.36 1 3
github.com/33GOD/flume/task-session-manager/pkg/cliconfig/config.go:121.36,123.3 1 1
github.com/33GOD/flume/task-session-manager/pkg/cliconfig/config.go:124.2,124.36 1 3
github.com/33GOD/flume/task-session-manager/pkg/cliconfig/config.go:124.36,126.3 1 1
github.com/33GOD/flume/task-session-manager/pkg/cliconfig/config.go:127.2,127.36 1 3
github.com/33GOD/flume/task-session-manager/pkg/cliconfig/config.go:127.36,129.3 1 2
github.com/33GOD/flume/task-session-manager/pkg/cliconfig/config.go:130.2,130.42 1 3
github.com/33GOD/flume/task-session-manager/pkg/cliconfig/config.go:130.42,132.3 1 3
github.com/33GOD/flume/task-session-manager/pkg/cliconfig/config.go:133.2,133.39 1 3
github.com/33GOD/flume/task-session-manager/pkg/cliconfig/config.go:133.39,135.3 1 3
github.com/33GOD/flume/task-session-manager/pkg/cliconfig/config.go:136.2,136.42 1 3
github.com/33GOD/flume/task-session-manager/pkg/cliconfig/config.go:136.42,138.3 1 3
github.com/33GOD/flume/task-session-manager/pkg/cliconfig/config.go:139.2,139.43 1 3
github.com/33GOD/flume/task-session-manager/pkg/cliconfig/config.go:139.43,141.3 1 3
github.com/33GOD/flume/task-session-manager/pkg/cliconfig/config.go:142.2,142.34 1 3
github.com/33GOD/flume/task-session-manager/pkg/cliconfig/config.go:142.34,144.3 1 0
github.com/33GOD/flume/task-session-manager/pkg/cliconfig/config.go:145.2,145.40 1 3
github.com/33GOD/flume/task-session-manager/pkg/cliconfig/config.go:145.40,147.3 1 2
github.com/33GOD/flume/task-session-manager/pkg/cliconfig/config.go:148.2,148.40 1 3
github.com/33GOD/flume/task-session-manager/pkg/cliconfig/config.go:148.40,150.3 1 3
github.com/33GOD/flume/task-session-manager/pkg/cliconfig/config.go:151.2,151.41 1 3
github.com/33GOD/flume/task-session-manager/pkg/cliconfig/config.go:151.41,153.3 1 3
github.com/33GOD/flume/task-session-manager/pkg/cliconfig/config.go:157.43,158.49 1 2
github.com/33GOD/flume/task-session-manager/pkg/cliconfig/config.go:158.49,160.3 1 1
github.com/33GOD/flume/task-session-manager/pkg/cliconfig/config.go:161.2,161.64 1 2
github.com/33GOD/flume/task-session-manager/pkg/cliconfig/config.go:161.64,163.3 1 1
github.com/33GOD/flume/task-session-manager/pkg/cliconfig/config.go:164.2,164.56 1 2
github.com/33GOD/flume/task-session-manager/pkg/cliconfig/config.go:164.56,166.3 1 1
github.com/33GOD/flume/task-session-manager/pkg/cliconfig/config.go:167.2,167.53 1 2
github.com/33GOD/flume/task-session-manager/pkg/cliconfig/config.go:167.53,169.3 1 0
github.com/33GOD/flume/task-session-manager/pkg/cliconfig/config.go:170.2,170.60 1 2
github.com/33GOD/flume/task-session-manager/pkg/cliconfig/config.go:170.60,172.3 1 1
github.com/33GOD/flume/task-session-manager/pkg/cliconfig/config.go:176.38,177.26 1 5
github.com/33GOD/flume/task-session-manager/pkg/cliconfig/config.go:177.26,179.3 1 1
github.com/33GOD/flume/task-session-manager/pkg/cliconfig/config.go:180.2,180.31 1 4
github.com/33GOD/flume/task-session-manager/pkg/cliconfig/config.go:180.31,182.3 1 1
github.com/33GOD/flume/task-session-manager/pkg/cliconfig/config.go:183.2,183.31 1 3
github.com/33GOD/flume/task-session-manager/pkg/cliconfig/config.go:183.31,185.3 1 1
github.com/33GOD/flume/task-session-manager/pkg/cliconfig/config.go:186.2,186.66 1 2
github.com/33GOD/flume/task-session-manager/pkg/cliconfig/config.go:186.66,188.3 1 1
github.com/33GOD/flume/task-session-manager/pkg/cliconfig/config.go:189.2,189.12 1 1
github.com/33GOD/flume/task-session-manager/internal/session/manager.go:44.71,62.31 6 3
github.com/33GOD/flume/task-session-manager/internal/session/manager.go:62.31,64.3 1 3
github.com/33GOD/flume/task-session-manager/internal/session/manager.go:64.8,64.35 1 0
github.com/33GOD/flume/task-session-manager/internal/session/manager.go:64.35,67.3 2 0
github.com/33GOD/flume/task-session-manager/internal/session/manager.go:67.8,67.33 1 0
github.com/33GOD/flume/task-session-manager/internal/session/manager.go:67.33,70.3 2 0
github.com/33GOD/flume/task-session-manager/internal/session/manager.go:70.8,72.3 1 0
github.com/33GOD/flume/task-session-manager/internal/session/manager.go:74.2,75.15 2 3
github.com/33GOD/flume/task-session-manager/internal/session/manager.go:79.113,92.19 5 2
github.com/33GOD/flume/task-session-manager/internal/session/manager.go:92.19,94.3 1 1
github.com/33GOD/flume/task-session-manager/internal/session/manager.go:97.2,97.52 1 2
github.com/33GOD/flume/task-session-manager/internal/session/manager.go:97.52,99.3 1 1
github.com/33GOD/flume/task-session-manager/internal/session/manager.go:102.2,103.25 2 1
github.com/33GOD/flume/task-session-manager/internal/session/manager.go:103.25,105.3 1 0
github.com/33GOD/flume/task-session-manager/internal/session/manager.go:107.2,118.23 4 1
github.com/33GOD/flume/task-session-manager/internal/session/manager.go:119.14,120.92 1 0
github.com/33GOD/flume/task-session-manager/internal/session/manager.go:121.12,122.90 1 1
github.com/33GOD/flume/task-session-manager/internal/session/manager.go:123.10,124.75 1 0
github.com/33GOD/flume/task-session-manager/internal/session/manager.go:127.2,127.16 1 1
github.com/33GOD/flume/task-session-manager/internal/session/manager.go:127.16,130.3 2 0
github.com/33GOD/flume/task-session-manager/internal/session/manager.go:132.2,137.18 2 1
github.com/33GOD/flume/task-session-manager/internal/session/manager.go:141.136,150.24 3 0
github.com/33GOD/flume/task-session-manager/internal/session/manager.go:150.24,152.3 1 0
github.com/33GOD/flume/task-session-manager/internal/session/manager.go:154.2,158.34 4 0
github.com/33GOD/flume/task-session-manager/internal/session/manager.go:158.34,160.3 1 0
github.com/33GOD/flume/task-session-manager/internal/session/manager.go:163.2,171.39 4 0
github.com/33GOD/flume/task-session-manager/internal/session/manager.go:171.39,173.3 1 0
github.com/33GOD/flume/task-session-manager/internal/session/manager.go:176.2,181.33 4 0
github.com/33GOD/flume/task-session-manager/internal/session/manager.go:181.33,183.3 1 0
github.com/33GOD/flume/task-session-manager/internal/session/manager.go:185.2,191.8 1 0
github.com/33GOD/flume/task-session-manager/internal/session/manager.go:195.134,207.24 3 1
github.com/33GOD/flume/task-session-manager/internal/session/manager.go:207.24,209.3 1 0
github.com/33GOD/flume/task-session-manager/internal/session/manager.go:211.2,215.34 4 1
github.com/33GOD/flume/task-session-manager/internal/session/manager.go:215.34,217.3 1 0
github.com/33GOD/flume/task-session-manager/internal/session/manager.go:220.2,222.16 3 1
github.com/33GOD/flume/task-session-manager/internal/session/manager.go:222.16,225.3 1 1
github.com/33GOD/flume/task-session-manager/internal/session/manager.go:227.2,233.8 1 1
github.com/33GOD/flume/task-session-manager/internal/session/manager.go:237.67,240.16 3 1
github.com/33GOD/flume/task-session-manager/internal/session/manager.go:240.16,242.3 1 1
github.com/33GOD/flume/task-session-manager/internal/session/manager.go:244.2,245.29 2 0
github.com/33GOD/flume/task-session-manager/internal/session/manager.go:249.76,252.24 2 1
github.com/33GOD/flume/task-session-manager/internal/session/manager.go:252.24,254.3 1 0
github.com/33GOD/flume/task-session-manager/internal/session/manager.go:255.2,260.16 4 1
github.com/33GOD/flume/task-session-manager/internal/session/manager.go:260.16,262.3 1 0
github.com/33GOD/flume/task-session-manager/internal/session/manager.go:264.2,265.39 2 1
github.com/33GOD/flume/task-session-manager/internal/session/manager.go:265.39,267.3 1 0
github.com/33GOD/flume/task-session-manager/internal/session/manager.go:270.2,270.31 1 1
github.com/33GOD/flume/task-session-manager/internal/session/manager.go:274.60,275.51 1 4
github.com/33GOD/flume/task-session-manager/internal/session/manager.go:275.51,277.3 1 2
github.com/33GOD/flume/task-session-manager/internal/session/manager.go:278.2,278.39 1 2
github.com/33GOD/flume/task-session-manager/internal/session/manager.go:282.56,285.2 2 8
github.com/33GOD/flume/task-session-manager/internal/session/manager.go:288.71,290.23 2 0
github.com/33GOD/flume/task-session-manager/internal/session/manager.go:291.14,292.60 1 0
github.com/33GOD/flume/task-session-manager/internal/session/manager.go:293.12,294.83 1 0
github.com/33GOD/flume/task-session-manager/internal/session/manager.go:295.10,296.56 1 0
github.com/33GOD/flume/task-session-manager/internal/session/manager.go:299.2,300.16 2 0
github.com/33GOD/flume/task-session-manager/internal/session/manager.go:300.16,302.3 1 0
github.com/33GOD/flume/task-session-manager/internal/session/manager.go:304.2,305.22 2 0
github.com/33GOD/flume/task-session-manager/internal/session/manager.go:309.78,311.23 2 1
github.com/33GOD/flume/task-session-manager/internal/session/manager.go:312.14,313.74 1 0
github.com/33GOD/flume/task-session-manager/internal/session/manager.go:314.12,315.76 1 1
github.com/33GOD/flume/task-session-manager/internal/session/manager.go:316.10,317.51 1 0
github.com/33GOD/flume/task-session-manager/internal/session/manager.go:320.2,320.18 1 1
